

================================================================
== Vitis HLS Report for 'convert_to_byte_stream_1_Pipeline_convert_to_byte'
================================================================
* Date:           Tue Oct  3 13:43:48 2023

* Version:        2022.2 (Build 3670227 on Oct 13 2022)
* Project:        Dedup
* Solution:       solution1 (Vivado IP Flow Target)
* Product family: zynquplus
* Target device:  xczu9eg-ffvb1156-2-e


================================================================
== Performance Estimates
================================================================
+ Timing: 
    * Summary: 
    +--------+----------+----------+------------+
    |  Clock |  Target  | Estimated| Uncertainty|
    +--------+----------+----------+------------+
    |ap_clk  |  10.00 ns|  4.544 ns|     2.70 ns|
    +--------+----------+----------+------------+

+ Latency: 
    * Summary: 
    +---------+---------+-----------+----------+-----+-----+---------+
    |  Latency (cycles) |  Latency (absolute)  |  Interval | Pipeline|
    |   min   |   max   |    min    |    max   | min | max |   Type  |
    +---------+---------+-----------+----------+-----+-----+---------+
    |        3|      130|  30.000 ns|  1.300 us|    3|  130|       no|
    +---------+---------+-----------+----------+-----+-----+---------+

    + Detail: 
        * Instance: 
        N/A

        * Loop: 
        +-------------------+---------+---------+----------+-----------+-----------+---------+----------+
        |                   |  Latency (cycles) | Iteration|  Initiation Interval  |   Trip  |          |
        |     Loop Name     |   min   |   max   |  Latency |  achieved |   target  |  Count  | Pipelined|
        +-------------------+---------+---------+----------+-----------+-----------+---------+----------+
        |- convert_to_byte  |        1|      128|         1|          1|          1|  1 ~ 128|       yes|
        +-------------------+---------+---------+----------+-----------+-----------+---------+----------+



================================================================
== Utilization Estimates
================================================================
* Summary: 
+-----------------+---------+------+--------+--------+-----+
|       Name      | BRAM_18K|  DSP |   FF   |   LUT  | URAM|
+-----------------+---------+------+--------+--------+-----+
|DSP              |        -|     -|       -|       -|    -|
|Expression       |        -|     -|       0|    2360|    -|
|FIFO             |        -|     -|       -|       -|    -|
|Instance         |        -|     -|       -|       -|    -|
|Memory           |        -|     -|       -|       -|    -|
|Multiplexer      |        -|     -|       -|      59|    -|
|Register         |        -|     -|      11|       -|    -|
+-----------------+---------+------+--------+--------+-----+
|Total            |        0|     0|      11|    2419|    0|
+-----------------+---------+------+--------+--------+-----+
|Available        |     1824|  2520|  548160|  274080|    0|
+-----------------+---------+------+--------+--------+-----+
|Utilization (%)  |        0|     0|      ~0|      ~0|    0|
+-----------------+---------+------+--------+--------+-----+

+ Detail: 
    * Instance: 
    N/A

    * DSP: 
    N/A

    * Memory: 
    N/A

    * FIFO: 
    N/A

    * Expression: 
    +-------------------------+----------+----+---+------+------------+------------+
    |      Variable Name      | Operation| DSP| FF|  LUT | Bitwidth P0| Bitwidth P1|
    +-------------------------+----------+----+---+------+------------+------------+
    |add_ln178_fu_205_p2      |         +|   0|  0|    39|          32|           1|
    |j_4_fu_130_p2            |         +|   0|  0|    15|           8|           1|
    |ret_V_fu_144_p2          |         +|   0|  0|    73|          66|          66|
    |and_ln176_fu_172_p2      |       and|   0|  0|     2|           1|           1|
    |ap_condition_56          |       and|   0|  0|     2|           1|           1|
    |icmp_ln1027_8_fu_150_p2  |      icmp|   0|  0|    29|          66|          66|
    |icmp_ln175_fu_124_p2     |      icmp|   0|  0|    11|           8|           9|
    |icmp_ln176_fu_166_p2     |      icmp|   0|  0|    16|          25|           1|
    |lshr_ln628_fu_194_p2     |      lshr|   0|  0|  2171|        1024|        1024|
    |ap_condition_79          |        or|   0|  0|     2|           1|           1|
    +-------------------------+----------+----+---+------+------------+------------+
    |Total                    |          |   0|  0|  2360|        1232|        1171|
    +-------------------------+----------+----+---+------+------------+------------+

    * Multiplexer: 
    +--------------------------------+----+-----------+-----+-----------+
    |              Name              | LUT| Input Size| Bits| Total Bits|
    +--------------------------------+----+-----------+-----+-----------+
    |ap_done_int                     |   9|          2|    1|          2|
    |ap_phi_mux_merge_phi_fu_100_p4  |  14|          3|    1|          3|
    |ap_return                       |   9|          2|    1|          2|
    |ap_sig_allocacmp_j_3            |   9|          2|    8|         16|
    |j_fu_68                         |   9|          2|    8|         16|
    |pos_byte_o                      |   9|          2|   32|         64|
    +--------------------------------+----+-----------+-----+-----------+
    |Total                           |  59|         13|   51|        103|
    +--------------------------------+----+-----------+-----+-----------+

    * Register: 
    +----------------+---+----+-----+-----------+
    |      Name      | FF| LUT| Bits| Const Bits|
    +----------------+---+----+-----+-----------+
    |ap_CS_fsm       |  1|   0|    1|          0|
    |ap_done_reg     |  1|   0|    1|          0|
    |ap_return_preg  |  1|   0|    1|          0|
    |j_fu_68         |  8|   0|    8|          0|
    +----------------+---+----+-----+-----------+
    |Total           | 11|   0|   11|          0|
    +----------------+---+----+-----+-----------+



================================================================
== Interface
================================================================
* Summary: 
+---------------------+-----+------+------------+---------------------------------------------------+--------------+
|      RTL Ports      | Dir | Bits |  Protocol  |                   Source Object                   |    C Type    |
+---------------------+-----+------+------------+---------------------------------------------------+--------------+
|ap_clk               |   in|     1|  ap_ctrl_hs|  convert_to_byte_stream.1_Pipeline_convert_to_byte|  return value|
|ap_rst               |   in|     1|  ap_ctrl_hs|  convert_to_byte_stream.1_Pipeline_convert_to_byte|  return value|
|ap_start             |   in|     1|  ap_ctrl_hs|  convert_to_byte_stream.1_Pipeline_convert_to_byte|  return value|
|ap_done              |  out|     1|  ap_ctrl_hs|  convert_to_byte_stream.1_Pipeline_convert_to_byte|  return value|
|ap_idle              |  out|     1|  ap_ctrl_hs|  convert_to_byte_stream.1_Pipeline_convert_to_byte|  return value|
|ap_ready             |  out|     1|  ap_ctrl_hs|  convert_to_byte_stream.1_Pipeline_convert_to_byte|  return value|
|ap_return            |  out|     1|  ap_ctrl_hs|  convert_to_byte_stream.1_Pipeline_convert_to_byte|  return value|
|zext_ln186           |   in|    64|     ap_none|                                         zext_ln186|        scalar|
|conv_i41             |   in|    64|     ap_none|                                           conv_i41|        scalar|
|p_Val2_s             |   in|  1024|     ap_none|                                           p_Val2_s|        scalar|
|pos_byte_i           |   in|    32|     ap_ovld|                                           pos_byte|       pointer|
|pos_byte_o           |  out|    32|     ap_ovld|                                           pos_byte|       pointer|
|pos_byte_o_ap_vld    |  out|     1|     ap_ovld|                                           pos_byte|       pointer|
|segment_data_din     |  out|     8|     ap_fifo|                                       segment_data|       pointer|
|segment_data_full_n  |   in|     1|     ap_fifo|                                       segment_data|       pointer|
|segment_data_write   |  out|     1|     ap_fifo|                                       segment_data|       pointer|
+---------------------+-----+------+------------+---------------------------------------------------+--------------+

